// Jest Snapshot v1, https://goo.gl/fbAQLP

exports[`renders a state matrix 1`] = `
<div>
  <table
    class="table"
  >
    <tbody>
      <tr
        class="tr"
      >
        <td
          class="td"
        />
        <td
          class="td"
        />
        <td
          class="td"
        />
        <td
          class="td"
        />
        <td
          class="td"
        />
      </tr>
      <tr
        class="tr"
      >
        <td
          class="td"
        />
        <td
          class="td active"
        />
        <td
          class="td"
        />
        <td
          class="td active"
        />
        <td
          class="td"
        />
      </tr>
      <tr
        class="tr"
      >
        <td
          class="td"
        />
        <td
          class="td"
        />
        <td
          class="td active"
        />
        <td
          class="td"
        />
        <td
          class="td"
        />
      </tr>
      <tr
        class="tr"
      >
        <td
          class="td"
        />
        <td
          class="td active"
        />
        <td
          class="td"
        />
        <td
          class="td active"
        />
        <td
          class="td"
        />
      </tr>
      <tr
        class="tr"
      >
        <td
          class="td"
        />
        <td
          class="td"
        />
        <td
          class="td"
        />
        <td
          class="td"
        />
        <td
          class="td"
        />
      </tr>
    </tbody>
  </table>
</div>
`;
